// Jest Snapshot v1, https://goo.gl/fbAQLP

exports[`ActionPopover styles renders correctly for the "classic" theme 1`] = `
.c0 {
  display: none;
  margin: 0;
  padding: 9px 0;
  box-shadow: 0 5px 5px 0 rgba(0,20,29,0.2),0 10px 10px 0 rgba(0,20,29,0.1);
  position: absolute;
  right: 0;
  background-color: #FFFFFF;
  z-index: 1;
  border: 1px solid #C4C6CA;
  box-shadow: 0 10px 10px 0 rgba(0,20,29,0.1), 0 5px 5px 0 rgba(0,20,29,0.2);
  padding: 5px 0;
  right: 10px;
}

<div
  className="c0"
/>
`;

exports[`ActionPopover styles renders correctly for the "classic" theme 2`] = `
.c0 {
  cursor: pointer;
  box-sizing: border-box;
  padding: 0 24px;
  line-height: 40px;
  white-space: nowrap;
  -webkit-user-select: none;
  -moz-user-select: none;
  -ms-user-select: none;
  user-select: none;
  display: -webkit-box;
  display: -webkit-flex;
  display: -ms-flexbox;
  display: flex;
  -webkit-align-items: center;
  -webkit-box-align: center;
  -ms-flex-align: center;
  align-items: center;
  border: none;
  width: 100%;
  color: rgba(0,0,0,0.9);
  font-size: 14px;
  font-weight: 700;
  text-align: left;
  line-height: 35px;
  padding: 0 15px 0 10px;
}

.c0:focus,
.c0:hover {
  background-color: #F2F4F5;
}

.c0:focus {
  outline: none;
  box-shadow: inset 0px 0px 0px 2px #FFB500;
}

.c0:focus {
  outline: none;
  box-shadow: inset 0px 0px 0px 2px #255BC7;
}

<div
  className="c0"
  theme={
    Object {
      "card": Object {
        "footerBackground": "#F2F4F5",
        "footerBorder": "#E5EAEC",
        "footerText": "#00805D",
      },
      "carousel": Object {
        "activeSelectorBackground": "#668491",
        "inactiveSelectorBackground": "#CCD6DA",
      },
      "checkable": Object {
        "checked": "rgba(0,0,0,0.90)",
      },
      "colors": Object {
        "base": "#00A376",
        "baseBlue": "#255BC7",
        "black": "#000000",
        "border": "#668491",
        "brand": "#00DC00",
        "destructive": Object {
          "hover": "#9F2C3F",
        },
        "disabled": "#66C166",
        "error": "#C7384F",
        "focus": "#FFB500",
        "focusedIcon": "#335B6D",
        "focusedLinkBackground": "#FFDA7F",
        "greyDarkBlue50": "#8099a4",
        "hoveredTabKeyline": "#4CB74C",
        "info": "#0073C2",
        "previewBackground": "#BFCCD1",
        "primary": "#00805D",
        "secondary": "#006045",
        "slate": "#003349",
        "success": "#00B000",
        "tertiary": "#003F2E",
        "warning": "#FFB500",
        "white": "#FFFFFF",
        "whiteMix": "#E5F4E5",
        "withOpacity": "rgba(0,163,118,0.55)",
      },
      "disabled": Object {
        "background": "#E5EAEC",
        "border": "#4d7080",
        "button": "#E5EAEC",
        "buttonText": "rgba(0,0,0,.2)",
        "disabled": "#b3c2c8",
        "input": "#1e499f",
        "switch": "#E4E9EB",
        "text": "#003349",
      },
      "form": Object {
        "invalid": "#F2F4F5",
      },
      "help": Object {
        "color": "rgba(0,0,0,0.65)",
        "hover": "rgba(0,0,0,0.9)",
      },
      "icon": Object {
        "default": "rgba(0,0,0,0.65)",
        "defaultHover": "rgba(0,0,0,0.90)",
        "disabled": "rgba(0,0,0,0.30)",
        "onLightBackground": "#668491",
        "onLightBackgroundHover": "#335B6D",
      },
      "menu": Object {
        "divider": "#E5EAEC",
        "focus": "#F2F4F5",
        "itemColor": "rgba(0,0,0,0.9)",
        "itemColorDisabled": "rgba(0,0,0,0.3)",
      },
      "name": "classic",
      "pager": Object {
        "active": "rgba(0,0,0,0.74)",
        "disabled": "rgba(0,0,0,0.55)",
        "hover": "rgba(0,0,0,0.90)",
      },
      "pill": Object {
        "errorButtonFocus": "#9F2C3F",
        "neutral": "#4C707F",
        "neutralBackgroundFocus": "#19475B",
        "warning": "#ED8333",
        "warningButtonFocus": "#E96400",
      },
      "portrait": Object {
        "background": "#F2F4F5",
        "border": "#7F99A4",
        "initials": "rgba(0,0,0,0.65)",
      },
      "rainbow": Object {
        "textColor": "#003349",
      },
      "select": Object {
        "border": "#bfccd2",
        "selected": "#F2F4F5",
      },
      "shadows": Object {
        "cards": "0 3px 3px 0 rgba(0,20,29,0.2),0 2px 4px 0 rgba(0,20,29,0.15)",
        "cardsIE": "0 3px 3px 0 rgba(0,20,29,0.2),0 2px 4px 0 rgba(0,20,29,0.15), 0 0 1px 0 rgba(0,20,29,0.15)",
        "depth1": "0 5px 5px 0 rgba(0,20,29,0.2), 0 10px 10px 0 rgba(0,20,29,0.1)",
        "depth2": "0 10px 20px 0 rgba(0,20,29,0.2), 0 20px 40px 0 rgba(0,20,29,0.1)",
        "depth3": "0 10px 30px 0 rgba(0,20,29,0.1), 0 30px 60px 0 rgba(0,20,29,0.1)",
        "depth4": "0 10px 40px 0 rgba(0,20,29,0.04), 0 50px 80px 0 rgba(0,20,29,0.1)",
      },
      "switch": Object {
        "off": "#CCD6DB",
      },
      "table": Object {
        "dragging": "#E5EAEC",
        "header": "#335B6D",
        "hover": "#E5EAEC",
        "primary": "#F2F4F5",
        "secondary": "#CCD6DA",
        "selected": "#D8E0E3",
        "tertiary": "#19475B",
        "zebra": "#F9FAFB",
      },
      "text": Object {
        "color": "rgba(0,0,0,0.9)",
        "placeholder": "rgba(0,0,0,0.3)",
        "size": "14px",
      },
      "tile": Object {
        "border": "#CCD6DA",
        "separator": "#E5EAEC",
      },
    }
  }
/>
`;

exports[`ActionPopover styles renders correctly for the "classic" theme 3`] = `
.c0 {
  position: relative;
  cursor: pointer;
  width: 24px;
  margin: auto;
  background-color: transparent;
}

.c0:hover,
.c0:focus {
  background-color: #FFFFFF;
}

.c0:focus {
  outline: 2px solid #FFB500;
}

.c0:focus {
  outline: 2px solid #255BC7;
}

.c0:hover,
.c0:focus {
  background-color: transparent;
}

.c0:hover > span,
.c0:focus > span {
  color: #255BC7;
}

<div
  className="c0"
/>
`;
