// Jest Snapshot v1, https://goo.gl/fbAQLP

exports[`AdvancedColorPicker when uncontrolled should render internal composition to match uncontrolled snapshot 1`] = `
<styled.div
  m="15px auto auto 15px"
  theme={
    Object {
      "accordion": Object {
        "background": "#E6EBED",
        "border": "#CCD6DB",
      },
      "anchorNavigation": Object {
        "divider": "#CCD6DB",
        "navItemHoverBackground": "#E6EBED",
      },
      "batchSelection": Object {
        "lightTheme": "#B3C2C8",
      },
      "card": Object {
        "footerBackground": "#F2F5F6",
        "footerBorder": "#CCD6DB",
      },
      "carousel": Object {
        "activeSelectorBackground": "#668592",
        "inactiveSelectorBackground": "#CCD6DB",
      },
      "checkable": Object {
        "checked": "rgba(0,0,0,0.90)",
      },
      "colors": Object {
        "asterisk": "#C7384F",
        "base": "#00A376",
        "black": "#000000",
        "border": "#668592",
        "brand": "#00DC00",
        "dashedBorder": "#99ADB6",
        "dashedButtonText": "rgba(0, 0, 0, 0.9)",
        "dashedHoverBackground": "#CCD6DB",
        "destructive": Object {
          "hover": "#9F2D3F",
        },
        "disabled": "#66C266",
        "error": "#C7384F",
        "focus": "#FFB500",
        "focusedIcon": "#335C6D",
        "focusedLinkBackground": "#FFDA80",
        "hoveredTabKeyline": "#4DB84D",
        "info": "#0073C2",
        "previewBackground": "#BFCCD2",
        "primary": "#008200",
        "secondary": "#006300",
        "slate": "#003349",
        "success": "#00B000",
        "tertiary": "#004500",
        "warning": "#E96400",
        "white": "#FFFFFF",
        "whiteMix": "#E6F5E6",
        "withOpacity": "rgba(0,163,118,0.55)",
      },
      "content": Object {
        "secondaryColor": "#668592",
      },
      "definitionList": Object {
        "ddText": "rgba(0,0,0,0.65)",
        "dtTextDark": "rgba(0,0,0,0.9)",
        "dtTextLight": "rgba(0,0,0,0.65)",
      },
      "disabled": Object {
        "background": "#E6EBED",
        "border": "#CCD6DB",
        "button": "#E6EBED",
        "buttonText": "rgba(0,0,0,.2)",
        "disabled": "rgba(0,0,0,0.55)",
        "input": "#F2F5F6",
        "switch": "#E4EAEC",
        "text": "rgba(0,0,0,0.3)",
      },
      "draggableItem": Object {
        "border": "#E6EBED",
      },
      "drawer": Object {
        "background": "#EDF1F2",
        "divider": "#D9E0E4",
      },
      "editor": Object {
        "border": "#668592",
        "button": Object {
          "hover": "#CCD6DB",
        },
        "counter": "rgba(0,0,0,0.55)",
        "placeholder": "rgba(0,0,0,0.30)",
        "toolbar": Object {
          "background": "#F2F5F6",
        },
      },
      "flatTable": Object {
        "dark": Object {
          "border": "#668592",
          "headerBackground": "#335C6D",
        },
        "drawerSidebar": Object {
          "headerBackground": "#EDF1F2",
          "highlighted": "#CCD6DB",
          "hover": "#D9E0E4",
          "selected": "#B3C2C8",
        },
        "headerIconColor": "#99ADB6",
        "highlighted": "#E6EBED",
        "hover": "#F2F5F6",
        "light": Object {
          "border": "#B3C2C8",
          "headerBackground": "#CCD6DB",
        },
        "selected": "#D9E0E4",
        "subRow": Object {
          "background": "#FAFBFB",
          "shadow": "rgba(0, 20, 29, 0.1)",
        },
        "transparentBase": Object {
          "border": "#F2F5F6",
          "headerBackground": "#F2F5F6",
        },
        "transparentWhite": Object {
          "border": "#fff",
          "headerBackground": "#fff",
        },
      },
      "form": Object {
        "invalid": "#F2F5F6",
      },
      "help": Object {
        "color": "rgba(0,0,0,0.65)",
        "hover": "rgba(0,0,0,0.9)",
      },
      "hr": Object {
        "background": "#CCD6DB",
      },
      "icon": Object {
        "default": "rgba(0,0,0,0.65)",
        "defaultHover": "rgba(0,0,0,0.90)",
        "disabled": "rgba(0,0,0,0.30)",
        "onLightBackground": "#668592",
        "onLightBackgroundHover": "#335C6D",
      },
      "menu": Object {
        "dark": Object {
          "divider": "#1A475B",
          "searchIcon": "#8CA3AD",
          "searchIconHover": "#BFCCD2",
          "selected": "#1A475B",
          "submenuBackground": "#001A25",
          "title": "#99ADB6",
        },
        "divider": "#E6EBED",
        "focus": "#F2F5F6",
        "itemColor": "rgba(0,0,0,0.9)",
        "itemColorDisabled": "rgba(0,0,0,0.3)",
        "light": Object {
          "background": "#E6EBED",
          "divider": "#CCD6DB",
          "selected": "#D9E0E4",
          "title": "#406677",
        },
      },
      "name": "base",
      "navigationBar": Object {
        "dark": Object {
          "background": "#003349",
          "borderBottom": "#003349",
        },
        "light": Object {
          "background": "#E6EBED",
          "borderBottom": "#D9E0E4",
        },
      },
      "note": Object {
        "timeStamp": "rgba(0,0,0,0.65)",
      },
      "numeralDate": Object {
        "error": "#C7384F",
        "passive": "#668592",
      },
      "pager": Object {
        "active": "rgba(0,0,0,0.90)",
        "alternate": "#EDF1F2",
        "disabled": "rgba(0,0,0,0.3)",
      },
      "palette": Object {
        "amethyst": "#582C83",
        "amethystShade": [Function],
        "amethystTint": [Function],
        "blackOpacity": [Function],
        "brilliantGreen": "#00DC00",
        "brilliantGreenShade": [Function],
        "brilliantGreenTint": [Function],
        "carrotOrange": "#E96400",
        "carrotOrangeShade": [Function],
        "carrotOrangeTint": [Function],
        "errorRed": "#C7384F",
        "errorRedShade": [Function],
        "errorRedTint": [Function],
        "genericGreen": "#009900",
        "genericGreenShade": [Function],
        "genericGreenTint": [Function],
        "gold": "#FFB500",
        "goldShade": [Function],
        "goldTint": [Function],
        "navyBlue": "#004B87",
        "navyBlueShade": [Function],
        "navyBlueTint": [Function],
        "plum": "#8246AF",
        "plumShade": [Function],
        "plumTint": [Function],
        "productBlue": "#0077C8",
        "productBlueShade": [Function],
        "productBlueTint": [Function],
        "productGreen": "#00A376",
        "productGreenShade": [Function],
        "productGreenTint": [Function],
        "slate": "#003349",
        "slateShade": [Function],
        "slateTint": [Function],
        "whiteOpacity": [Function],
      },
      "picklist": Object {
        "locked": "#F2F5F6",
        "lockedContent": "#738F9B",
        "lockedText": "rgba(0,0,0,0.6)",
      },
      "pill": Object {
        "errorButtonFocus": "#9F2D3F",
        "neutral": "#4D7080",
        "neutralBackgroundFocus": "#1A475B",
        "warning": "#ED8333",
        "warningButtonFocus": "#E96400",
      },
      "pod": Object {
        "border": "#CCD6DB",
        "footerBackground": "#F2F5F6",
        "hoverBackground": "#D9E0E4",
        "secondaryBackground": "#F2F5F6",
        "tertiaryBackground": "#E6EBED",
        "tileBackground": "#FFFFFF",
      },
      "popoverContainer": Object {
        "iconColor": "rgba(0,0,0,0.90)",
      },
      "portrait": Object {
        "background": "#F2F5F6",
        "border": "#8099A4",
        "initials": "rgba(0,0,0,0.65)",
      },
      "readOnly": Object {
        "textboxBackground": "#FAFBFB",
        "textboxBorder": "#CCD6DB",
        "textboxText": "rgba(0,0,0,0.74)",
      },
      "scrollbar": Object {
        "dark": Object {
          "thumb": "#99ADB6",
          "track": "#335C6D",
        },
        "light": Object {
          "thumb": "#668592",
          "track": "#F2F5F6",
        },
      },
      "search": Object {
        "active": "#FFB500",
        "button": "#255BC7",
        "darkVariantBorder": "#8CA3AD",
        "darkVariantPlaceholder": "#8CA3AD",
        "darkVariantText": "#FFFFFF",
        "icon": "#8CA3AD",
        "iconDarkVariant": "#8CA3AD",
        "iconDarkVariantHover": "#BFCCD2",
        "iconHover": "#335C6D",
        "passive": "#738F9B",
        "searchActive": "#668592",
      },
      "select": Object {
        "border": "#bfccd2",
        "optionHeader": "rgba(0,0,0,0.55)",
        "selected": "#F2F5F6",
        "tableHeaderBorder": "#CCD6DB",
      },
      "shadows": Object {
        "cards": "0 3px 3px 0 rgba(0,20,29,0.2),0 2px 4px 0 rgba(0,20,29,0.15)",
        "cardsIE": "0 3px 3px 0 rgba(0,20,29,0.2),0 2px 4px 0 rgba(0,20,29,0.15), 0 0 1px 0 rgba(0,20,29,0.15)",
        "depth1": "0 5px 5px 0 rgba(0,20,29,0.2), 0 10px 10px 0 rgba(0,20,29,0.1)",
        "depth2": "0 10px 20px 0 rgba(0,20,29,0.2), 0 20px 40px 0 rgba(0,20,29,0.1)",
        "depth3": "0 10px 30px 0 rgba(0,20,29,0.1), 0 30px 60px 0 rgba(0,20,29,0.1)",
        "depth4": "0 10px 40px 0 rgba(0,20,29,0.04), 0 50px 80px 0 rgba(0,20,29,0.1)",
      },
      "space": Array [
        0,
        8,
        16,
        24,
        32,
        40,
        48,
        56,
        64,
        72,
        80,
      ],
      "spacing": 8,
      "switch": Object {
        "off": "#CCD6DB",
      },
      "tab": Object {
        "altHover": "#D9E0E4",
        "background": "#CCD6DB",
      },
      "table": Object {
        "dragging": "#E6EBED",
        "header": "#335C6D",
        "hover": "#E6EBED",
        "primary": "#F2F5F6",
        "secondary": "#CCD6DB",
        "selected": "#D9E0E4",
        "tertiary": "#1A475B",
        "zebra": "#FAFBFB",
      },
      "text": Object {
        "color": "rgba(0,0,0,0.9)",
        "placeholder": "rgba(0,0,0,0.55)",
        "size": "14px",
      },
      "tile": Object {
        "border": "#CCD6DB",
        "footerBackground": "#F2F5F6",
        "separator": "#E6EBED",
      },
      "tileSelect": Object {
        "border": "#BFCCD2",
        "descriptionColor": "rgba(0,0,0,0.55)",
        "disabledBackground": "#E6EBED",
        "disabledText": "rgba(0,0,0,0.3)",
        "hoverBackground": "#F2F5F6",
      },
      "zIndex": Object {
        "aboveAll": 9999,
        "fullScreenModal": 5000,
        "header": 4000,
        "modal": 3000,
        "notification": 6000,
        "overlay": 1000,
        "popover": 2000,
        "smallOverlay": 10,
      },
    }
  }
>
  <styled.button
    color="#EBAEDE"
    data-element="color-picker-cell"
    onClick={[Function]}
    onKeyDown={[Function]}
    tabIndex="0"
  />
  <Styled(Dialog)
    bespokeFocusTrap={[Function]}
    onCancel={[Function]}
    open={false}
    size="auto"
  >
    <styled.div
      color="#EBAEDE"
      data-element="color-picker-preview"
    />
    <SimpleColorPicker
      legend=""
      name="advancedPicker"
      onBlur={[Function]}
      onChange={[Function]}
      onKeyDown={[Function]}
    >
      <SimpleColor
        aria-label="white"
        checked={false}
        defaultChecked={false}
        id="#FFFFFF"
        inputRef={[Function]}
        key="#FFFFFF"
        onChange={null}
        value="#FFFFFF"
      />
      <SimpleColor
        aria-label="transparent"
        checked={false}
        defaultChecked={false}
        id="transparent"
        inputRef={[Function]}
        key="transparent"
        onChange={null}
        value="transparent"
      />
      <SimpleColor
        aria-label="black"
        checked={false}
        defaultChecked={false}
        id="#000000"
        inputRef={[Function]}
        key="#000000"
        onChange={null}
        value="#000000"
      />
      <SimpleColor
        aria-label="blue"
        checked={false}
        defaultChecked={false}
        id="#A3CAF0"
        inputRef={[Function]}
        key="#A3CAF0"
        onChange={null}
        value="#A3CAF0"
      />
      <SimpleColor
        aria-label="pink"
        checked={false}
        defaultChecked={false}
        id="#FD9BA3"
        inputRef={[Function]}
        key="#FD9BA3"
        onChange={null}
        value="#FD9BA3"
      />
      <SimpleColor
        aria-label="purple"
        checked={false}
        defaultChecked={false}
        id="#B4AEEA"
        inputRef={[Function]}
        key="#B4AEEA"
        onChange={null}
        value="#B4AEEA"
      />
      <SimpleColor
        aria-label="goldenrod"
        checked={false}
        defaultChecked={false}
        id="#ECE6AF"
        inputRef={[Function]}
        key="#ECE6AF"
        onChange={null}
        value="#ECE6AF"
      />
      <SimpleColor
        aria-label="orchid"
        checked={false}
        defaultChecked={true}
        id="#EBAEDE"
        inputRef={[Function]}
        key="#EBAEDE"
        onChange={null}
        value="#EBAEDE"
      />
      <SimpleColor
        aria-label="desert"
        checked={false}
        defaultChecked={false}
        id="#EBC7AE"
        inputRef={[Function]}
        key="#EBC7AE"
        onChange={null}
        value="#EBC7AE"
      />
      <SimpleColor
        aria-label="turquoise"
        checked={false}
        defaultChecked={false}
        id="#AEECEB"
        inputRef={[Function]}
        key="#AEECEB"
        onChange={null}
        value="#AEECEB"
      />
      <SimpleColor
        aria-label="mint"
        checked={false}
        defaultChecked={false}
        id="#AEECD6"
        inputRef={[Function]}
        key="#AEECD6"
        onChange={null}
        value="#AEECD6"
      />
    </SimpleColorPicker>
  </Styled(Dialog)>
</styled.div>
`;
