// Jest Snapshot v1, https://goo.gl/fbAQLP

exports[`Textbox renders with InputPresentation and Input and all props passed to Input 1`] = `
<FormField
  info={Array []}
  name="mocked-guid"
  onBlur={[Function]}
  onChange={[Function]}
  size="medium"
  validations={Array []}
  warnings={Array []}
>
  <InputPresentation
    info={Array []}
    name="mocked-guid"
    onBlur={[Function]}
    onChange={[Function]}
    type="text"
    validations={Array []}
    warnings={Array []}
  >
    southpaw children
    <Input
      info={Array []}
      name="mocked-guid"
      onBlur={[Function]}
      onChange={[Function]}
      validations={Array []}
      value="foobar"
      warnings={Array []}
    />
    normal children
  </InputPresentation>
</FormField>
`;
