// Jest Snapshot v1, https://goo.gl/fbAQLP

exports[`PortraitContainer render classes renders the large class if applied 1`] = `
.c3 {
  position: absolute;
  width: 40px;
  height: 40px;
}

.c4 {
  display: inline-block;
  position: absolute;
  width: 40px;
  height: 40px;
}

.c2 {
  display: inline-block;
  position: relative;
  vertical-align: middle;
  overflow: hidden;
  width: 40px;
  height: 40px;
  border-radius: 0px;
}

.c6 {
  font-weight: bold;
  display: inline-block;
  font-size: 14px;
}

.c7 {
  font-size: 14px;
}

.c0 {
  white-space: nowrap;
  color: rgba(0,0,0,0.9);
}

.c5 {
  vertical-align: middle;
  display: inline-block;
  line-height: 16px;
  margin-left: 16px;
}

.c1 {
  display: inline-block;
}

<div
  className="c0"
  data-component="profile"
>
  <div
    alt=""
    className="c1 c2"
    data-component="portrait"
    shape="standard"
    size="medium-small"
  >
    <img
      className="c3"
      data-element="initials"
      src="data:image/png"
    />
    <img
      className="c4"
      data-element="user-image"
      src="https://www.gravatar.com/avatar/f3ada405ce890b6f8204094deb12d8a8?s=40&d=blank"
    />
  </div>
  <div
    className="c5"
    size="medium-small"
  >
    <span
      className="c6"
      data-element="name"
      size="medium-small"
    >
      Foo
    </span>
    <br />
    <span
      className="c7"
      data-element="email"
      size="medium-small"
    >
      foo@bar.com
    </span>
  </div>
</div>
`;

exports[`ProfileClassicStyle should render correct version if clssic theme is provided 1`] = `
.c0 {
  white-space: nowrap;
  color: rgba(0,0,0,0.9);
  color: rgba(0,0,0,0.85);
}

<div
  className="c0"
/>
`;
