// Jest Snapshot v1, https://goo.gl/fbAQLP

exports[`FlatTable when rendered with proper table data should have expected structure and styles 1`] = `
.c10 {
  background-color: transparent;
  border-width: 0;
  box-sizing: border-box;
  font-weight: 700;
  left: auto;
  text-align: left;
  -webkit-user-select: none;
  -moz-user-select: none;
  -ms-user-select: none;
  user-select: none;
  vertical-align: middle;
  white-space: nowrap;
  word-break: keep-all;
  padding: 0;
}

.c10:first-child {
  padding-left: 1px;
}

.c10.c10.c10 > div {
  box-sizing: border-box;
}

.c12 {
  background-color: var(--colorsUtilityYang100);
  border-width: 0;
  border-bottom: 1px solid var(--colorsUtilityMajor100);
  text-align: left;
  vertical-align: middle;
  padding: 0;
}

.c12.c12.c12.c12 > div {
  box-sizing: border-box;
}

.c12:first-of-type {
  border-left: 1px solid var(--colorsUtilityMajor100);
}

.c12:last-of-type {
  border-right: 1px solid var(--colorsUtilityMajor100);
}

.c13 {
  background-color: var(--colorsUtilityYang100);
  border-width: 0;
  border-bottom: 1px solid var(--colorsUtilityMajor100);
  text-align: left;
  vertical-align: middle;
  padding: 0;
}

.c13.c13.c13.c13 > div {
  box-sizing: border-box;
}

.c13:first-of-type {
  border-left: 1px solid var(--colorsUtilityMajor100);
}

.c13:last-of-type {
  border-right: 1px solid var(--colorsUtilityMajor100);
}

.c13:first-of-type + .c11 {
  border-left: 1px solid var(--colorsUtilityMajor100);
}

.c8 {
  background-color: var(--colorsUtilityYang100);
  border: 1px solid var(--colorsUtilityMajor100);
  border-top: none;
  box-sizing: border-box;
  left: 0;
  font-weight: normal;
  position: -webkit-sticky;
  position: sticky;
  text-align: left;
  top: auto;
  vertical-align: middle;
  padding: 0;
  z-index: 1000;
}

.c8.c8.c8.c8 {
  left: 0px;
}

.c8.c8.c8.c8 > div {
  box-sizing: border-box;
  padding-top: 10px;
  padding-bottom: 10px;
  padding-left: var(--spacing300);
  padding-right: var(--spacing300);
}

.c6 {
  border-collapse: separate;
  border-radius: 0px;
  border-spacing: 0;
  min-width: 100%;
  table-layout: fixed;
  width: auto;
}

.c6 [data-component="icon"]:not([color]) {
  color: var(--colorsActionMinor500);
}

.c6 .c7 + td {
  border-left: none;
}

.c6 .c7:nth-child(1) {
  border-right: 2px solid var(--colorsUtilityMajor100);
}

.c6 .c9 {
  border-bottom: 1px solid var(--colorsUtilityMajor400);
}

.c6 .c9:first-child {
  border-left: 1px solid var(--colorsUtilityMajor400);
}

.c4.c4.c4 .c14 {
  border-left: none;
  border-right: none;
}

.c4.c4.c4 .c7,
.c4.c4.c4 .c14 {
  font-weight: 700;
}

.c1 {
  display: grid;
  grid-auto-rows: min-content;
}

.c2 {
  border-collapse: separate;
  border-spacing: 0;
  width: 100%;
}

.c2 .c5 {
  height: 40px;
}

.c2 .c11 > div,
.c2 .c9 > div,
.c2 .c7 > div,
.c2 .c14 > div {
  font-size: 14px;
  padding-left: 16px;
  padding-right: 16px;
}

.c0 {
  display: -webkit-box;
  display: -webkit-flex;
  display: -ms-flexbox;
  display: flex;
  -webkit-flex-direction: column;
  -ms-flex-direction: column;
  flex-direction: column;
  border-radius: var(--borderRadius100);
  box-sizing: border-box;
  box-shadow: inset 0px 0px 0px 1px var(--colorsUtilityMajor100);
}

.c0:focus {
  outline: 2px solid var(--colorsSemanticFocus500);
}

.c0:focus:not(:focus-visible) {
  outline: none;
}

.c0:focus:focus-visible {
  outline: 2px solid var(--colorsSemanticFocus500);
}

.c0 .c3 .c14,
.c0 .c9,
.c0 .c3 {
  background-color: var(--colorsUtilityMajor400);
  border-right: 1px solid var(--colorsUtilityMajor300);
  color: var(--colorsUtilityYang100);
  border-bottom-color: var(--colorsUtilityMajor300);
}

.c0 .c3 .c7 {
  background-color: var(--colorsUtilityMajor400);
  color: var(--colorsUtilityYang100);
  border-bottom-color: var(--colorsUtilityMajor300);
  border-right-color: var(--colorsUtilityMajor300);
  border-left-color: var(--colorsUtilityMajor300);
}

.c0 .c3 .c7,
.c0 .c9.isSticky,
.c0 .c3 .c14.isSticky {
  z-index: 1005;
}

.c0 thead .c9.isSticky,
.c0 .c14.isSticky {
  border-right: none;
}

.c0 .c9,
.c0 .c14 {
  z-index: 1003;
}

.c0 thead .c5:first-of-type th:first-child {
  border-top-left-radius: var(--borderRadius100);
}

.c0 thead .c5:first-of-type th:last-child {
  border-top-right-radius: var(--borderRadius100);
}

.c0 tbody .c7,
.c0 .c11.isSticky,
.c0 tbody .c14.isSticky {
  z-index: 1000;
}

.c0 tbody .c5:last-of-type td:first-child,
.c0 tbody .c5:last-of-type th:first-child {
  border-bottom-left-radius: var(--borderRadius100);
}

.c0 tbody .c5:last-of-type td:last-child,
.c0 tbody .c5:last-of-type th:last-child {
  border-bottom-right-radius: var(--borderRadius100);
}

<div
  className="c0"
  data-component="flat-table-wrapper"
  display="flex"
  role="region"
  tabIndex="0"
>
  <div
    className="c1"
  >
    <table
      className="c2"
      data-component="flat-table"
      size="medium"
    >
      <thead
        className="c3 c4"
      >
        <tr
          className="c5 c6"
          data-element="flat-table-row"
          onClick={[Function]}
          size="medium"
        >
          <th
            className="c7 c8"
            data-element="flat-table-row-header"
            onClick={[Function]}
            onKeyDown={[Function]}
          >
            <div
              className=""
            >
              row header
            </div>
          </th>
          <th
            className="c9 c10"
            data-element="flat-table-header"
          >
            <div>
              header1
            </div>
          </th>
          <th
            className="c9 c10"
            data-element="flat-table-header"
          >
            <div>
              header2
            </div>
          </th>
          <th
            className="c9 c10"
            data-element="flat-table-header"
          >
            <div>
              header3
            </div>
          </th>
        </tr>
      </thead>
      <tbody>
        <tr
          className="c5 c6"
          data-element="flat-table-row"
          onClick={[Function]}
          size="medium"
        >
          <th
            className="c7 c8"
            data-element="flat-table-row-header"
            onClick={[Function]}
            onKeyDown={[Function]}
          >
            <div
              className=""
            >
              row header
            </div>
          </th>
          <td
            className="c11 c12"
            data-element="flat-table-cell"
          >
            <div
              className=""
            >
              cell1
            </div>
          </td>
          <td
            className="c11 c12"
            data-element="flat-table-cell"
          >
            <div
              className=""
            >
              cell2
            </div>
          </td>
          <td
            className="c11 c13"
            data-element="flat-table-cell"
            rowSpan="2"
          >
            <div
              className=""
            >
              cell3
            </div>
          </td>
        </tr>
        <tr
          className="c5 c6"
          data-element="flat-table-row"
          onClick={[Function]}
          size="medium"
        >
          <th
            className="c7 c8"
            data-element="flat-table-row-header"
            onClick={[Function]}
            onKeyDown={[Function]}
          >
            <div
              className=""
            >
              row header
            </div>
          </th>
          <td
            className="c11 c12"
            colSpan="2"
            data-element="flat-table-cell"
          >
            <div
              className=""
            >
              cell1
            </div>
          </td>
        </tr>
      </tbody>
    </table>
  </div>
</div>
`;
