// Jest Snapshot v1, https://goo.gl/fbAQLP

exports[`FlatTable when rendered with proper table data should have expected structure and styles 1`] = `
.c8 {
  background-color: transparent;
  border-width: 0;
  border-bottom: 1px solid #CCD6DB;
  box-sizing: border-box;
  font-weight: 700;
  left: auto;
  padding: 8px 24px;
  text-align: left;
  top: 0;
  -webkit-user-select: none;
  -moz-user-select: none;
  -ms-user-select: none;
  user-select: none;
  vertical-align: middle;
  white-space: nowrap;
}

.c6 {
  background-color: #fff;
  border: 1px solid #CCD6DB;
  border-top: none;
  box-sizing: border-box;
  left: 0;
  font-weight: normal;
  padding: 10px 24px;
  position: -webkit-sticky;
  position: sticky;
  text-align: left;
  top: auto;
  vertical-align: middle;
  white-space: nowrap;
}

.c3 .c5 {
  border-left: none;
  border-right: none;
  font-weight: 700;
  left: 0;
  padding: 8px 24px;
  top: 0;
  z-index: 1;
}

.c0 {
  height: 100%;
}

.c0 .c7,
.c0 .c2 .c5 {
  background-color: #335C6D;
  border-right: 1px solid #668592;
  color: #FFFFFF;
}

.c1 {
  border-collapse: separate;
  border-radius: 0px;
  border-spacing: 0;
  min-width: 100%;
  table-layout: fixed;
  width: auto;
  word-break: break-all;
}

.c10 {
  background-color: #fff;
  border-width: 0;
  border-bottom: 1px solid #CCD6DB;
  overflow: visible;
  padding: 10px 24px;
  text-overflow: ellipsis;
  text-align: left;
  vertical-align: middle;
  white-space: nowrap;
}

.c10:first-of-type {
  border-left: 1px solid #CCD6DB;
}

.c10:last-of-type {
  border-right: 1px solid #CCD6DB;
}

.c11 {
  background-color: #fff;
  border-width: 0;
  border-bottom: 1px solid #CCD6DB;
  overflow: visible;
  padding: 10px 24px;
  text-overflow: ellipsis;
  text-align: left;
  vertical-align: middle;
  white-space: nowrap;
}

.c11:first-of-type {
  border-left: 1px solid #CCD6DB;
}

.c11:last-of-type {
  border-right: 1px solid #CCD6DB;
}

.c11:first-of-type + .c9 {
  border-left: 1px solid #CCD6DB;
}

.c4 {
  border-collapse: separate;
  border-radius: 0px;
  border-spacing: 0;
  min-width: 100%;
  table-layout: fixed;
  width: auto;
  word-break: break-all;
}

.c4 .c12 {
  padding-top: 0px;
}

<div
  className="c0"
>
  <table
    className="c1"
    data-component="flat-table"
  >
    <thead
      className="c2 c3"
    >
      <tr
        className="c4"
        data-element="flat-table-row"
      >
        <th
          className="c5 c6"
          data-element="flat-table-row-header"
        >
          row header
        </th>
        <th
          className="c7 c8"
          data-element="flat-table-header"
        >
          header1
        </th>
        <th
          className="c7 c8"
          data-element="flat-table-header"
        >
          header2
        </th>
        <th
          className="c7 c8"
          data-element="flat-table-header"
        >
          header3
        </th>
      </tr>
    </thead>
    <tbody>
      <tr
        className="c4"
        data-element="flat-table-row"
      >
        <th
          className="c5 c6"
          data-element="flat-table-row-header"
        >
          row header
        </th>
        <td
          className="c9 c10"
          data-element="flat-table-cell"
        >
          cell1
        </td>
        <td
          className="c9 c10"
          data-element="flat-table-cell"
        >
          cell2
        </td>
        <td
          className="c9 c11"
          data-element="flat-table-cell"
          rowSpan="2"
        >
          cell3
        </td>
      </tr>
      <tr
        className="c4"
        data-element="flat-table-row"
      >
        <th
          className="c5 c6"
          data-element="flat-table-row-header"
        >
          row header
        </th>
        <td
          className="c9 c10"
          colSpan="2"
          data-element="flat-table-cell"
        >
          cell1
        </td>
      </tr>
    </tbody>
  </table>
</div>
`;
