// Jest Snapshot v1, https://goo.gl/fbAQLP

exports[`Textarea when rendered should render default 1`] = `
.c3 {
  -webkit-align-items: stretch;
  -webkit-box-align: stretch;
  -ms-flex-align: stretch;
  align-items: stretch;
  background: #fff;
  border: 1px solid #668491;
  box-sizing: border-box;
  cursor: text;
  display: -webkit-box;
  display: -webkit-flex;
  display: -ms-flexbox;
  display: flex;
  -webkit-flex-wrap: wrap;
  -ms-flex-wrap: wrap;
  flex-wrap: wrap;
  -webkit-flex: 0 0 100%;
  -ms-flex: 0 0 100%;
  flex: 0 0 100%;
  margin: 0;
  min-height: 40px;
  padding-left: 11px;
  padding-right: 11px;
}

.c3 .c4 {
  height: calc(40px - 4px);
}

.c3 input::-ms-clear {
  display: none;
}

.c3 input::-webkit-contacts-auto-fill-button {
  display: none!important;
}

.c6 .c4 {
  height: calc(40px - 4px);
}

.c7 .c4 {
  height: calc(40px - 4px);
}

.c8 .c4 {
  height: calc(40px - 4px);
}

.c1 + .c0 {
  margin-top: 16px;
}

.c2 {
  display: block;
}

.c5 {
  background: transparent;
  border: none;
  color: rgba(0,0,0,0.9);
  -webkit-box-flex: 1;
  -webkit-flex-grow: 1;
  -ms-flex-positive: 1;
  flex-grow: 1;
  font-size: 14px;
  outline: none;
  width: 30px;
  resize: none;
  min-height: 40px;
  margin-top: 5px;
  margin-bottom: 5px;
}

.c5::-webkit-input-placeholder {
  color: rgba(0,0,0,0.3);
}

.c5::-moz-placeholder {
  color: rgba(0,0,0,0.3);
}

.c5:-ms-input-placeholder {
  color: rgba(0,0,0,0.3);
}

.c5::placeholder {
  color: rgba(0,0,0,0.3);
}

.c5:invalid,
.c5:required {
  box-shadow: none;
}

<div
  className="c0 c1"
>
  <div
    className="c2"
  >
    <div
      className="c3"
      disabled={false}
      onMouseDown={[Function]}
      onMouseEnter={[Function]}
      onMouseLeave={[Function]}
      role="presentation"
      size="medium"
    >
      <textarea
        aria-invalid={false}
        className="c4 c5"
        disabled={false}
        id="guid-12345"
        name="textarea"
        onBlur={[Function]}
        onChange={[Function]}
        onClick={[Function]}
        onFocus={[Function]}
        readOnly={false}
        type="text"
      />
    </div>
  </div>
</div>
`;
