// Jest Snapshot v1, https://goo.gl/fbAQLP

exports[`MultiActionButton when rendered should match the snapshot 1`] = `
.c5 {
  display: inline-block;
  position: relative;
  color: #008200;
  background-color: transparent;
  vertical-align: middle;
}

.c5:hover {
  color: #006800;
  background-color: transparent;
}

.c5::before {
  -webkit-font-smoothing: antialiased;
  -moz-osx-font-smoothing: grayscale;
  font-family: CarbonIcons;
  content: "\\e910";
  font-size: 16px;
  font-style: normal;
  font-weight: normal;
  line-height: 16px;
  vertical-align: middle;
  display: block;
}

.c3 {
  padding-left: 24px;
  padding-right: 24px;
  -webkit-align-items: center;
  -webkit-box-align: center;
  -ms-flex-align: center;
  align-items: center;
  cursor: pointer;
  display: -webkit-inline-box;
  display: -webkit-inline-flex;
  display: -ms-inline-flexbox;
  display: inline-flex;
  -webkit-flex-direction: column;
  -ms-flex-direction: column;
  flex-direction: column;
  -webkit-flex-flow: wrap;
  -ms-flex-flow: wrap;
  flex-flow: wrap;
  -webkit-box-pack: center;
  -webkit-justify-content: center;
  -ms-flex-pack: center;
  justify-content: center;
  vertical-align: middle;
  border: 2px solid transparent;
  box-sizing: border-box;
  font-weight: 600;
  -webkit-text-decoration: none;
  text-decoration: none;
  background: transparent;
  border-color: #008200;
  color: #008200;
  font-size: 14px;
  min-height: 40px;
}

.c3:focus {
  outline: solid 3px #FFB500;
}

.c3 ~ .c2 {
  margin-left: 16px;
}

.c3:hover {
  background: #006300;
  border-color: #006300;
  color: #FFFFFF;
}

.c3:hover .c4 {
  color: #FFFFFF;
}

.c3 .c4 {
  margin-left: 8px;
  margin-right: 0px;
  height: 16px;
}

.c3 .c4 svg {
  margin-top: 0;
}

.c1 {
  display: inline-block;
  position: relative;
}

.c1 > .c2 {
  margin: 0;
}

.c1 > .c2:focus {
  border: 3px solid #FFB500;
  outline: none;
  margin: -1px;
}

.c0 .c6 {
  min-width: 100%;
  white-space: nowrap;
  left: 0;
  right: auto;
  z-index: 2000;
}

.c0 .c4 {
  margin-left: 0;
  left: 8px;
}

<div
  className="c0"
  size="medium"
>
  <div
    aria-haspopup="true"
    className="c1"
    data-component="multi-action-button"
    onMouseLeave={[Function]}
  >
    <button
      aria-expanded={false}
      aria-haspopup="true"
      aria-label="Show more"
      className="c2 c3"
      data-component="button"
      data-element="toggle-button"
      disabled={false}
      onBlur={[Function]}
      onFocus={[Function]}
      onKeyDown={[Function]}
      onMouseEnter={[Function]}
      onTouchStart={[Function]}
      role="button"
      size="medium"
      type="button"
    >
      <span>
        <span
          data-element="main-text"
        >
          Test
        </span>
      </span>
      <span
        className="c4 c5"
        data-component="icon"
        data-element="dropdown"
        disabled={false}
        fontSize="small"
        type="dropdown"
      />
    </button>
  </div>
</div>
`;
