// Jest Snapshot v1, https://goo.gl/fbAQLP

exports[`Drawer uncontrolled Control Button renders with correct styles 1`] = `
.c0 {
  position: absolute;
  top: var(--spacing300);
  right: 8px;
  padding: var(--spacing100);
  width: var(--spacing300);
  height: var(--spacing300);
  display: -webkit-box;
  display: -webkit-flex;
  display: -ms-flexbox;
  display: flex;
  -webkit-box-pack: center;
  -webkit-justify-content: center;
  -ms-flex-pack: center;
  justify-content: center;
  -webkit-align-items: center;
  -webkit-box-align: center;
  -ms-flex-align: center;
  align-items: center;
  -webkit-transition: margin-right ease-in-out;
  transition: margin-right ease-in-out;
  background-color: transparent;
  border: none;
  z-index: 1;
  -webkit-animation: iaYDxU ease-in-out;
  animation: iaYDxU ease-in-out;
  border-radius: var(--borderRadius050);
}

.c0:focus {
  -webkit-appearance: none;
  -webkit-box-shadow: 0px 0px 0px var(--borderWidth300) var(--colorsSemanticFocus500),0px 0px 0px var(--borderWidth600) var(--colorsUtilityYin090);
  box-shadow: 0px 0px 0px var(--borderWidth300) var(--colorsSemanticFocus500),0px 0px 0px var(--borderWidth600) var(--colorsUtilityYin090);
  outline: transparent 3px solid;
}

.c0:hover {
  cursor: pointer;
}

<button
  className="c0"
  type="button"
/>
`;

exports[`Drawer uncontrolled matches snapshot 1`] = `
<styled.div
  data-component="drawer"
  height="100%"
>
  <styled.div
    animationDuration="0.5s"
    className="open"
    expandedWidth="20%"
  >
    <Styled(Box)
      hasControls={false}
      id="DrawerSidebar_guid-123"
      isExpanded={true}
      overflowY="auto"
      role="navigation"
      scrollVariant="light"
      theme="[ theme object ]"
    >
      <ContextProvider
        value={
          Object {
            "isInSidebar": true,
          }
        }
      >
        <ul>
          <li>
            link a
          </li>
          <li>
            link b
          </li>
          <li>
            link c
          </li>
        </ul>
      </ContextProvider>
    </Styled(Box)>
  </styled.div>
  <styled.div>
    content body content body content body content body content body content body content body
  </styled.div>
</styled.div>
`;
