// Jest Snapshot v1, https://goo.gl/fbAQLP

exports[`Select does not apply any events if disabled or readonly 1`] = `
<styled.div
  aria-controls=""
  aria-expanded={false}
  aria-haspopup="listbox"
  data-component="carbon-select"
  isAnyValueSelected={false}
  onMouseEnter={[Function]}
  onMouseLeave={[Function]}
  role="combobox"
  style={
    Object {
      "minWidth": 75,
    }
  }
>
  <Textbox
    aria-label="Please Select..."
    formattedValue=""
    inputIcon="dropdown"
    inputRef={[Function]}
    leftChildren={false}
    onBlur={[Function]}
    onChange={[Function]}
    onClick={[Function]}
    onFocus={[Function]}
    onKeyDown={[Function]}
    placeholder="Please Select..."
    value=""
  />
</styled.div>
`;

exports[`Select does not apply any events if disabled or readonly 2`] = `
<styled.div
  aria-controls=""
  aria-expanded={false}
  aria-haspopup="listbox"
  data-component="carbon-select"
  isAnyValueSelected={false}
  onMouseEnter={[Function]}
  onMouseLeave={[Function]}
  role="combobox"
  style={
    Object {
      "minWidth": 75,
    }
  }
>
  <Textbox
    aria-label="Please Select..."
    formattedValue=""
    inputIcon="dropdown"
    inputRef={[Function]}
    leftChildren={false}
    onBlur={[Function]}
    onChange={[Function]}
    onClick={[Function]}
    onFocus={[Function]}
    onKeyDown={[Function]}
    placeholder="Please Select..."
    value=""
  />
</styled.div>
`;

exports[`Select renders only the Textbox when closed 1`] = `
<styled.div
  aria-controls=""
  aria-expanded={false}
  aria-haspopup="listbox"
  data-component="carbon-select"
  isAnyValueSelected={false}
  onMouseEnter={[Function]}
  onMouseLeave={[Function]}
  role="combobox"
  style={
    Object {
      "minWidth": 75,
    }
  }
>
  <Textbox
    aria-label="Please Select..."
    formattedValue=""
    inputIcon="dropdown"
    inputRef={[Function]}
    leftChildren={false}
    onBlur={[Function]}
    onChange={[Function]}
    onClick={[Function]}
    onFocus={[Function]}
    onKeyDown={[Function]}
    placeholder="Please Select..."
    value=""
  />
</styled.div>
`;

exports[`Select renders the SelectList with any given children when in an open state 1`] = `
Object {
  "alwaysHighlight": false,
  "children": Array [
    <Option
      text="Orange"
      value="1"
    />,
    <Option
      text="Blue"
      value="2"
    />,
    <Option
      text="Red"
      value="3"
    />,
  ],
  "customFilter": undefined,
  "filterValue": undefined,
  "id": "listbox-2",
  "isLoopable": undefined,
  "onLazyLoad": undefined,
  "onSelect": [Function],
  "open": true,
  "role": "listbox",
  "target": .c3 {
  -webkit-align-items: center;
  -webkit-box-align: center;
  -ms-flex-align: center;
  align-items: center;
  cursor: pointer;
  display: -webkit-box;
  display: -webkit-flex;
  display: -ms-flexbox;
  display: flex;
  -webkit-box-pack: center;
  -webkit-justify-content: center;
  -ms-flex-pack: center;
  justify-content: center;
  margin-right: -11px;
  width: 40px;
}

.c2 {
  background: transparent;
  border: none;
  color: rgba(0,0,0,0.9);
  -webkit-box-flex: 1;
  -webkit-flex-grow: 1;
  -ms-flex-positive: 1;
  flex-grow: 1;
  font-size: 14px;
  outline: none;
  width: 30px;
}

.c2::-webkit-input-placeholder {
  color: rgba(0,0,0,0.3);
}

.c2::-moz-placeholder {
  color: rgba(0,0,0,0.3);
}

.c2:-ms-input-placeholder {
  color: rgba(0,0,0,0.3);
}

.c2::placeholder {
  color: rgba(0,0,0,0.3);
}

.c2:invalid,
.c2:required {
  box-shadow: none;
}

.c4 {
  display: inline-block;
  position: relative;
  color: rgba(0,0,0,0.65);
  background-color: transparent;
  -webkit-align-items: center;
  -webkit-box-align: center;
  -ms-flex-align: center;
  align-items: center;
  display: -webkit-inline-box;
  display: -webkit-inline-flex;
  display: -ms-inline-flexbox;
  display: inline-flex;
  -webkit-box-pack: center;
  -webkit-justify-content: center;
  -ms-flex-pack: center;
  justify-content: center;
  height: 24px;
  width: 24px;
}

.c4:hover {
  color: rgba(0,0,0,0.90);
  background-color: transparent;
}

.c4::before {
  -webkit-font-smoothing: antialiased;
  -moz-osx-font-smoothing: grayscale;
  font-family: CarbonIcons;
  content: "\\e910";
  font-size: 16px;
  font-style: normal;
  font-weight: normal;
  line-height: 16px;
  vertical-align: middle;
  display: block;
}

.c5 .c1 {
  height: calc(40px - 4px);
}

.c0 {
  -webkit-align-items: stretch;
  -webkit-box-align: stretch;
  -ms-flex-align: stretch;
  align-items: stretch;
  background: #fff;
  border: 1px solid #668491;
  box-sizing: border-box;
  cursor: text;
  display: -webkit-box;
  display: -webkit-flex;
  display: -ms-flexbox;
  display: flex;
  -webkit-flex-wrap: wrap;
  -ms-flex-wrap: wrap;
  flex-wrap: wrap;
  -webkit-flex: 0 0 70%;
  -ms-flex: 0 0 70%;
  flex: 0 0 70%;
  margin: 0;
  min-height: 40px;
  padding-left: 11px;
  padding-right: 11px;
}

.c0 .c1 {
  height: calc(40px - 4px);
}

.c0.c0 {
  outline: 3px solid #FFB500;
  z-index: 2;
}

.c6 .c0.c0 {
  position: relative;
}

.c0 input::-ms-clear {
  display: none;
}

.c0 input::-webkit-contacts-auto-fill-button {
  display: none!important;
}

<div
    class="c0"
    role="presentation"
  >
    <input
      aria-invalid="false"
      aria-label="Please Select..."
      class="c1 c2"
      data-element="input"
      id="guid-12345"
      name="guid-12345"
      placeholder="Please Select..."
      type="text"
      value=""
    />
    <span
      data-portal-entrance="guid-12345"
    />
    <span
      class="c3"
      type="dropdown"
    >
      <span
        class="c4"
        data-component="icon"
        data-element="dropdown"
        font-size="small"
        type="dropdown"
      />
    </span>
  </div>,
}
`;
