// Jest Snapshot v1, https://goo.gl/fbAQLP

exports[`Label renders the label 1`] = `
.c1 {
  color: rgba(0,0,0,0.9);
  display: block;
  font-weight: 600;
}

.c0 {
  display: -webkit-box;
  display: -webkit-flex;
  display: -ms-flexbox;
  display: flex;
  -webkit-align-items: center;
  -webkit-box-align: center;
  -ms-flex-align: center;
  align-items: center;
  margin-bottom: 8px;
}

<div
  className="c0"
  width={30}
>
  <label
    className="c1"
    data-element="label"
    onMouseEnter={[Function]}
    onMouseLeave={[Function]}
  >
    Name:
  </label>
</div>
`;
