// Jest Snapshot v1, https://goo.gl/fbAQLP

exports[`RadioButtonGroup renders as expected 1`] = `
.c7 + .c6 {
  margin-top: 16px;
}

.c9 {
  display: -webkit-box;
  display: -webkit-flex;
  display: -ms-flexbox;
  display: flex;
}

.c13 {
  cursor: pointer;
  opacity: 0;
  margin: 0;
  position: relative;
  z-index: 999;
}

.c11 {
  display: inline-block;
  position: relative;
}

.c5 .c8 {
  display: -webkit-box;
  display: -webkit-flex;
  display: -ms-flexbox;
  display: flex;
}

.c5 .c16 {
  -webkit-box-pack: start;
  -webkit-justify-content: flex-start;
  -ms-flex-pack: start;
  justify-content: flex-start;
  padding-top: 0;
  width: auto;
}

.c5 .c16 .c17,
.c5 .c16 .c18 {
  color: rgba(0,0,0,0.65);
  vertical-align: middle;
}

.c5 .c16 .c17:hover,
.c5 .c16 .c18:hover,
.c5 .c16 .c17:focus,
.c5 .c16 .c18:focus {
  color: rgba(0,0,0,0.9);
}

.c5 .c15 {
  -webkit-flex-basis: 100%;
  -ms-flex-preferred-size: 100%;
  flex-basis: 100%;
}

.c4 {
  margin-bottom: 16px;
}

.c4 .c10 {
  padding-top: 1px;
}

.c4 .c14 {
  height: 16px;
}

.c4 svg {
  background-color: #FFFFFF;
  border: 1px solid #668592;
}

.c4 .c12,
.c4 svg {
  height: 16px;
  position: absolute;
  padding: 1px;
}

.c4 .c10,
.c4 .c12,
.c4 .c14,
.c4 svg {
  box-sizing: border-box;
  min-width: 16px;
  width: 16px;
}

.c4 .c12:not([disabled]):focus + .c14,
.c4 .c12:not([disabled]):hover + .c14 {
  box-shadow: 0 0 0 3px #FFB500;
}

.c4 .c16 {
  width: auto;
  -webkit-flex: 0 1 auto;
  -ms-flex: 0 1 auto;
  flex: 0 1 auto;
}

.c4 .c15 {
  margin-left: 16px;
  margin-top: 0;
  padding-left: 8px;
}

.c4 .c18 {
  position: relative;
  display: inline-block;
}

.c4 .c12:checked ~ .c14 svg path {
  fill: rgba(0,0,0,0.90);
}

.c4:last-of-type {
  margin-bottom: 0;
}

.c4.c4 .c6 {
  margin: 0;
}

.c4 .c14 {
  padding: 0;
}

.c4 .c14,
.c4 svg {
  border-radius: 50%;
}

.c4 .c10,
.c4 .c12,
.c4 .c14,
.c4 svg {
  height: 16px;
  width: 16px;
}

.c4 svg {
  padding: 1px;
}

.c4 circle {
  r: 5;
}

.c4 .c16 {
  -webkit-flex: 1 1 calc(100% - 44px);
  -ms-flex: 1 1 calc(100% - 44px);
  flex: 1 1 calc(100% - 44px);
}

.c4 .c12:checked + .c14 circle {
  fill: rgba(0,0,0,0.9);
}

.c0 {
  margin: 0;
  border: none;
  padding: 0;
  min-width: 0;
  min-inline-size: 0;
}

.c2 {
  display: -webkit-box;
  display: -webkit-flex;
  display: -ms-flexbox;
  display: flex;
  -webkit-align-items: center;
  -webkit-box-align: center;
  -ms-flex-align: center;
  align-items: center;
  line-height: 24px;
}

.c1 {
  display: -webkit-box;
  display: -webkit-flex;
  display: -ms-flexbox;
  display: flex;
  -webkit-align-items: center;
  -webkit-box-align: center;
  -ms-flex-align: center;
  align-items: center;
  margin-bottom: 8px;
  padding: 0;
  font-weight: 600;
}

.c3 {
  display: -webkit-box;
  display: -webkit-flex;
  display: -ms-flexbox;
  display: flex;
  -webkit-flex-direction: column;
  -ms-flex-direction: column;
  flex-direction: column;
}

<fieldset
  className="c0"
  data-component="radiogroup"
>
  <legend
    className="c1"
  >
    <span
      className="c2"
    >
      Test RadioButtonGroup Legend
    </span>
  </legend>
  <div
    className="c3"
    data-component="radio-button-group"
    role="radiogroup"
  >
    <div
      className="c4"
      data-component="radio-button"
    >
      <div
        className="c5"
      >
        <div
          className="c6 c7"
        >
          <div
            className="c8 c9"
          >
            <div
              className="c10 c11"
            >
              <input
                aria-checked={false}
                aria-describedby=""
                checked={false}
                className="c12 c13"
                id="rId-0"
                name="test-group"
                onBlur={[Function]}
                onChange={[Function]}
                onFocus={[Function]}
                onMouseEnter={[Function]}
                onMouseLeave={[Function]}
                role="radio"
                type="radio"
                value="test-1"
              />
              <div
                className="c14 "
              >
                <svg
                  focusable="false"
                  viewBox="0 0 15 15"
                >
                  <g
                    fill="none"
                    fillRule="evenodd"
                    stroke="none"
                    strokeWidth="1"
                  >
                    <circle
                      className="radio-button-check"
                      cx="7.5"
                      cy="7.5"
                      fill="#FFFFFF"
                      r="5"
                    />
                  </g>
                </svg>
              </div>
            </div>
          </div>
        </div>
      </div>
    </div>
    <div
      className="c4"
      data-component="radio-button"
    >
      <div
        className="c5"
      >
        <div
          className="c6 c7"
        >
          <div
            className="c8 c9"
          >
            <div
              className="c10 c11"
            >
              <input
                aria-checked={false}
                aria-describedby=""
                checked={false}
                className="c12 c13"
                id="rId-1"
                name="test-group"
                onBlur={[Function]}
                onChange={[Function]}
                onFocus={[Function]}
                onMouseEnter={[Function]}
                onMouseLeave={[Function]}
                role="radio"
                type="radio"
                value="test-2"
              />
              <div
                className="c14 "
              >
                <svg
                  focusable="false"
                  viewBox="0 0 15 15"
                >
                  <g
                    fill="none"
                    fillRule="evenodd"
                    stroke="none"
                    strokeWidth="1"
                  >
                    <circle
                      className="radio-button-check"
                      cx="7.5"
                      cy="7.5"
                      fill="#FFFFFF"
                      r="5"
                    />
                  </g>
                </svg>
              </div>
            </div>
          </div>
        </div>
      </div>
    </div>
  </div>
</fieldset>
`;
