// Jest Snapshot v1, https://goo.gl/fbAQLP

exports[`DialogFullScreen tags on component include correct component, elements and role data tags 1`] = `
<Portal
  open={true}
>
  <div
    className="carbon-dialog-full-screen"
    data-component="dialog-full-screen"
    data-element="bar"
    data-role="baz"
  >
    <CSSTransitionGroup
      component="div"
      transitionAppear={false}
      transitionEnter={true}
      transitionEnterTimeout={500}
      transitionLeave={true}
      transitionLeaveTimeout={500}
      transitionName="modal"
    >
      <div
        className="carbon-dialog-full-screen__dialog"
        data-component="dialog-full-screen"
        data-element="bar"
        data-role="baz"
      >
        <Icon
          bgSize="small"
          className="carbon-dialog-full-screen__close"
          data-element="close"
          onClick={[Function]}
          type="close"
        />
        <FullScrenHeading>
          <Heading
            divider={true}
            separator={false}
            subtitleId="carbon-dialog-subtitle"
            title="Test"
            titleId="carbon-dialog-title"
          />
        </FullScrenHeading>
        <div
          className="carbon-dialog-full-screen__content"
          data-element="content"
        />
      </div>
    </CSSTransitionGroup>
    <CSSTransitionGroup
      component="div"
      transitionAppear={false}
      transitionEnter={true}
      transitionEnterTimeout={500}
      transitionLeave={true}
      transitionLeaveTimeout={500}
      transitionName="modal-background"
    />
  </div>
</Portal>
`;
