// Jest Snapshot v1, https://goo.gl/fbAQLP

exports[`RadioButton styles base renders as expected 1`] = `
.c6 + .c5 {
  margin-top: 16px;
}

.c14 + .c5 {
  margin-top: 10px;
}

.c8 {
  display: block;
}

.c12 {
  cursor: pointer;
  opacity: 0;
  margin: 0;
  position: relative;
  z-index: 999;
}

.c10 {
  display: inline-block;
  position: relative;
}

.c15 .c7 {
  display: -webkit-box;
  display: -webkit-flex;
  display: -ms-flexbox;
  display: flex;
}

.c15 .c11:hover,
.c15 .c28:hover,
.c15 .c11:focus,
.c15 .c28:focus {
  outline: none;
  cursor: not-allowed;
}

.c4 .c7 {
  display: -webkit-box;
  display: -webkit-flex;
  display: -ms-flexbox;
  display: flex;
}

.c4 .c28 {
  text-align: left;
  padding-top: 0;
  width: auto;
}

.c4 .c28 .c26,
.c4 .c28 .c27 {
  color: rgba(0,0,0,0.65);
  vertical-align: middle;
  top: -1px;
}

.c4 .c28 .c26:hover,
.c4 .c28 .c27:hover,
.c4 .c28 .c26:focus,
.c4 .c28 .c27:focus {
  color: rgba(0,0,0,0.9);
}

.c4 .c25 {
  -webkit-flex-basis: 100%;
  -ms-flex-preferred-size: 100%;
  flex-basis: 100%;
}

.c16 .c7 {
  display: -webkit-box;
  display: -webkit-flex;
  display: -ms-flexbox;
  display: flex;
}

.c16 .c11:hover,
.c16 .c28:hover,
.c16 .c11:focus,
.c16 .c28:focus {
  outline: none;
  cursor: not-allowed;
}

.c17 .c7 {
  display: -webkit-box;
  display: -webkit-flex;
  display: -ms-flexbox;
  display: flex;
}

.c17 .c7 {
  -webkit-flex-wrap: nowrap;
  -ms-flex-wrap: nowrap;
  flex-wrap: nowrap;
}

.c17 .c9 {
  margin-right: 0;
  margin-left: 8px;
}

.c17 .c9 {
  margin-left: 0;
}

.c18 .c9 {
  padding-top: 1px;
}

.c18 .c13 {
  height: 16px;
}

.c18 .c11,
.c18 svg {
  height: 16px;
  position: absolute;
  padding: 1px;
}

.c18 .c9,
.c18 .c11,
.c18 .c13,
.c18 svg {
  box-sizing: border-box;
  min-width: 16px;
  width: 16px;
}

.c18 .c11:not([disabled]):focus + .c13,
.c18 .c11:not([disabled]):hover + .c13 {
  box-shadow: 0 0 0 3px #FFB500;
}

.c18 .c11:checked ~ .c13 svg path {
  fill: rgba(0,0,0,0.90);
}

.c18 .c11:checked ~ .c13 svg path {
  fill: #CCD6DA;
}

.c18 .c13:hover,
.c18 .c13:focus {
  outline: none;
  cursor: not-allowed;
}

.c18 .c9 {
  margin-right: 16px;
}

.c18 .c13 {
  padding: 0;
}

.c18 .c13,
.c18 svg {
  border-radius: 50%;
}

.c18 .c9,
.c18 .c11,
.c18 .c13,
.c18 svg {
  height: 16px;
  width: 16px;
}

.c18 .c11:checked + .c13 circle {
  fill: rgba(0,0,0,0.9);
}

.c18 .c11:checked + .c13 circle {
  fill: #CCD6DA;
}

.c19 .c9 {
  padding-top: 1px;
}

.c19 .c13 {
  height: 16px;
}

.c19 .c11,
.c19 svg {
  height: 16px;
  position: absolute;
  padding: 1px;
}

.c19 .c9,
.c19 .c11,
.c19 .c13,
.c19 svg {
  box-sizing: border-box;
  min-width: 16px;
  width: 16px;
}

.c19 .c11:not([disabled]):focus + .c13,
.c19 .c11:not([disabled]):hover + .c13 {
  box-shadow: 0 0 0 3px #FFB500;
}

.c19 .c13 {
  height: 24px;
}

.c19 .c9,
.c19 .c11,
.c19 svg {
  padding: 2px;
}

.c19 .c9,
.c19 .c11,
.c19 .c13,
.c19 svg {
  height: 24px;
  width: 24px;
}

.c19 .c11:checked ~ .c13 svg path {
  fill: rgba(0,0,0,0.90);
}

.c19 .c9 {
  margin-right: 16px;
}

.c19 .c13 {
  padding: 0;
}

.c19 .c13,
.c19 svg {
  border-radius: 50%;
}

.c19 .c9,
.c19 .c11,
.c19 .c13,
.c19 svg {
  height: 16px;
  width: 16px;
}

.c19 .c11:checked + .c13 circle {
  fill: rgba(0,0,0,0.9);
}

.c19 .c9 {
  margin-right: 14px;
}

.c19 .c9,
.c19 .c11,
.c19 .c13,
.c19 svg {
  height: 24px;
  width: 24px;
}

.c20 .c9 {
  padding-top: 1px;
}

.c20 .c13 {
  height: 16px;
}

.c20 .c11,
.c20 svg {
  height: 16px;
  position: absolute;
  padding: 1px;
}

.c20 .c9,
.c20 .c11,
.c20 .c13,
.c20 svg {
  box-sizing: border-box;
  min-width: 16px;
  width: 16px;
}

.c20 .c11:not([disabled]):focus + .c13,
.c20 .c11:not([disabled]):hover + .c13 {
  box-shadow: 0 0 0 3px #FFB500;
}

.c20 .c13 {
  height: 24px;
}

.c20 .c9,
.c20 .c11,
.c20 svg {
  padding: 2px;
}

.c20 .c9,
.c20 .c11,
.c20 .c13,
.c20 svg {
  height: 24px;
  width: 24px;
}

.c20 .c11:checked ~ .c13 svg path {
  fill: rgba(0,0,0,0.90);
}

.c20 .c9 {
  margin-right: 16px;
}

.c20 .c13 {
  padding: 0;
}

.c20 .c13,
.c20 svg {
  border-radius: 50%;
}

.c20 .c9,
.c20 .c11,
.c20 .c13,
.c20 svg {
  height: 16px;
  width: 16px;
}

.c20 .c11:checked + .c13 circle {
  fill: rgba(0,0,0,0.9);
}

.c20 .c9 {
  margin-right: 14px;
}

.c20 .c9,
.c20 .c11,
.c20 .c13,
.c20 svg {
  height: 24px;
  width: 24px;
}

.c20 .c9 {
  margin-right: 0;
  margin-left: 16px;
}

.c21 .c9 {
  padding-top: 1px;
}

.c21 .c13 {
  height: 16px;
}

.c21 .c11,
.c21 svg {
  height: 16px;
  position: absolute;
  padding: 1px;
}

.c21 .c9,
.c21 .c11,
.c21 .c13,
.c21 svg {
  box-sizing: border-box;
  min-width: 16px;
  width: 16px;
}

.c21 .c11:not([disabled]):focus + .c13,
.c21 .c11:not([disabled]):hover + .c13 {
  box-shadow: 0 0 0 3px #FFB500;
}

.c21 .c11:checked ~ .c13 svg path {
  fill: rgba(0,0,0,0.90);
}

.c21 .c9 {
  padding: 1px 0 0 0;
}

.c21 .c11,
.c21 svg {
  padding: 1px;
}

.c21 .c9,
.c21 .c11,
.c21 .c13,
.c21 svg {
  height: 15px;
  width: 15px;
}

.c21 .c11:not([disabled]):focus + .c13,
.c21 .c11:not([disabled]):hover + .c13 {
  box-shadow: none;
}

.c21 .c11:not([disabled]):focus + .c13 > svg,
.c21 .c11:not([disabled]):hover + .c13 > svg {
  border: 1px solid #1963f6;
  outline: none;
}

.c21 .c11:checked ~ .c13 svg path {
  fill: rgba(0,0,0,0.85);
}

.c21 .c9 {
  margin-right: 16px;
}

.c21 .c13 {
  padding: 0;
}

.c21 .c13,
.c21 svg {
  border-radius: 50%;
}

.c21 .c9,
.c21 .c11,
.c21 .c13,
.c21 svg {
  height: 16px;
  width: 16px;
}

.c21 .c11:checked + .c13 circle {
  fill: rgba(0,0,0,0.9);
}

.c21 .c9,
.c21 .c11,
.c21 .c13,
.c21 svg {
  height: 15px;
  width: 15px;
}

.c21 .c9 {
  margin-right: 6px;
}

.c21 .c11:not([disabled]):focus + .c13 > svg {
  box-shadow: 0 0 6px rgba(25,99,246,0.6);
  -webkit-transition: box-shadow 0.1s linear;
  transition: box-shadow 0.1s linear;
}

.c21 .c11:checked + .c13 circle {
  fill: rgba(0,0,0,0.85);
}

.c22 .c9 {
  padding-top: 1px;
}

.c22 .c13 {
  height: 16px;
}

.c22 .c11,
.c22 svg {
  height: 16px;
  position: absolute;
  padding: 1px;
}

.c22 .c9,
.c22 .c11,
.c22 .c13,
.c22 svg {
  box-sizing: border-box;
  min-width: 16px;
  width: 16px;
}

.c22 .c11:not([disabled]):focus + .c13,
.c22 .c11:not([disabled]):hover + .c13 {
  box-shadow: 0 0 0 3px #FFB500;
}

.c22 .c11:checked ~ .c13 svg path {
  fill: rgba(0,0,0,0.90);
}

.c22 .c11:checked ~ .c13 svg path {
  fill: #4d7080;
}

.c22 .c13:hover,
.c22 .c13:focus {
  outline: none;
  cursor: not-allowed;
}

.c22 .c9 {
  padding: 1px 0 0 0;
}

.c22 .c11,
.c22 svg {
  padding: 1px;
}

.c22 .c9,
.c22 .c11,
.c22 .c13,
.c22 svg {
  height: 15px;
  width: 15px;
}

.c22 .c11:not([disabled]):focus + .c13,
.c22 .c11:not([disabled]):hover + .c13 {
  box-shadow: none;
}

.c22 .c11:not([disabled]):focus + .c13 > svg,
.c22 .c11:not([disabled]):hover + .c13 > svg {
  border: 1px solid #1963f6;
  outline: none;
}

.c22 .c11:checked ~ .c13 svg path {
  fill: rgba(0,0,0,0.85);
}

.c22 .c11:checked ~ .c13 svg path {
  fill: #8099a4;
}

.c22 .c9 {
  margin-right: 16px;
}

.c22 .c13 {
  padding: 0;
}

.c22 .c13,
.c22 svg {
  border-radius: 50%;
}

.c22 .c9,
.c22 .c11,
.c22 .c13,
.c22 svg {
  height: 16px;
  width: 16px;
}

.c22 .c11:checked + .c13 circle {
  fill: rgba(0,0,0,0.9);
}

.c22 .c11:checked + .c13 circle {
  fill: #4d7080;
}

.c22 .c9,
.c22 .c11,
.c22 .c13,
.c22 svg {
  height: 15px;
  width: 15px;
}

.c22 .c9 {
  margin-right: 6px;
}

.c22 .c11:not([disabled]):focus + .c13 > svg {
  box-shadow: 0 0 6px rgba(25,99,246,0.6);
  -webkit-transition: box-shadow 0.1s linear;
  transition: box-shadow 0.1s linear;
}

.c22 .c11:checked + .c13 circle {
  fill: rgba(0,0,0,0.85);
}

.c22 .c11:checked + .c13 circle {
  fill: #8099a4;
}

.c23 .c9 {
  padding-top: 1px;
}

.c23 .c13 {
  height: 16px;
}

.c23 .c11,
.c23 svg {
  height: 16px;
  position: absolute;
  padding: 1px;
}

.c23 .c9,
.c23 .c11,
.c23 .c13,
.c23 svg {
  box-sizing: border-box;
  min-width: 16px;
  width: 16px;
}

.c23 .c11:not([disabled]):focus + .c13,
.c23 .c11:not([disabled]):hover + .c13 {
  box-shadow: 0 0 0 3px #FFB500;
}

.c23 .c11:checked ~ .c13 svg path {
  fill: rgba(0,0,0,0.90);
}

.c23 .c9 {
  padding: 1px 0 0 0;
}

.c23 .c11,
.c23 svg {
  padding: 1px;
}

.c23 .c9,
.c23 .c11,
.c23 .c13,
.c23 svg {
  height: 15px;
  width: 15px;
}

.c23 .c11:not([disabled]):focus + .c13,
.c23 .c11:not([disabled]):hover + .c13 {
  box-shadow: none;
}

.c23 .c11:not([disabled]):focus + .c13 > svg,
.c23 .c11:not([disabled]):hover + .c13 > svg {
  border: 1px solid #1963f6;
  outline: none;
}

.c23 .c11:checked ~ .c13 svg path {
  fill: rgba(0,0,0,0.85);
}

.c23 .c9 {
  margin-right: 16px;
}

.c23 .c13 {
  padding: 0;
}

.c23 .c13,
.c23 svg {
  border-radius: 50%;
}

.c23 .c9,
.c23 .c11,
.c23 .c13,
.c23 svg {
  height: 16px;
  width: 16px;
}

.c23 .c11:checked + .c13 circle {
  fill: rgba(0,0,0,0.9);
}

.c23 .c9,
.c23 .c11,
.c23 .c13,
.c23 svg {
  height: 15px;
  width: 15px;
}

.c23 .c9 {
  margin-right: 6px;
}

.c23 .c11:not([disabled]):focus + .c13 > svg {
  box-shadow: 0 0 6px rgba(25,99,246,0.6);
  -webkit-transition: box-shadow 0.1s linear;
  transition: box-shadow 0.1s linear;
}

.c23 .c11:checked + .c13 circle {
  fill: rgba(0,0,0,0.85);
}

.c23 .c9 {
  margin-left: 6px;
}

.c24 .c9 {
  padding-top: 1px;
}

.c24 .c13 {
  height: 16px;
}

.c24 .c11,
.c24 svg {
  height: 16px;
  position: absolute;
  padding: 1px;
}

.c24 .c9,
.c24 .c11,
.c24 .c13,
.c24 svg {
  box-sizing: border-box;
  min-width: 16px;
  width: 16px;
}

.c24 .c11:not([disabled]):focus + .c13,
.c24 .c11:not([disabled]):hover + .c13 {
  box-shadow: 0 0 0 3px #FFB500;
}

.c24 .c11:checked ~ .c13 svg path {
  fill: rgba(0,0,0,0.90);
}

.c24 .c9 {
  padding: 1px 0 0 0;
}

.c24 .c11,
.c24 svg {
  padding: 1px;
}

.c24 .c9,
.c24 .c11,
.c24 .c13,
.c24 svg {
  height: 15px;
  width: 15px;
}

.c24 .c11:not([disabled]):focus + .c13,
.c24 .c11:not([disabled]):hover + .c13 {
  box-shadow: none;
}

.c24 .c11:not([disabled]):focus + .c13 > svg,
.c24 .c11:not([disabled]):hover + .c13 > svg {
  border: 1px solid #1963f6;
  outline: none;
}

.c24 .c11:checked ~ .c13 svg path {
  fill: rgba(0,0,0,0.85);
}

.c24 .c9 {
  margin-right: 16px;
}

.c24 .c13 {
  padding: 0;
}

.c24 .c13,
.c24 svg {
  border-radius: 50%;
}

.c24 .c9,
.c24 .c11,
.c24 .c13,
.c24 svg {
  height: 16px;
  width: 16px;
}

.c24 .c11:checked + .c13 circle {
  fill: rgba(0,0,0,0.9);
}

.c24 .c9,
.c24 .c11,
.c24 .c13,
.c24 svg {
  height: 15px;
  width: 15px;
}

.c24 .c9 {
  margin-right: 6px;
}

.c24 .c11:not([disabled]):focus + .c13 > svg {
  box-shadow: 0 0 6px rgba(25,99,246,0.6);
  -webkit-transition: box-shadow 0.1s linear;
  transition: box-shadow 0.1s linear;
}

.c24 .c11:checked + .c13 circle {
  fill: rgba(0,0,0,0.85);
}

.c24 .c9 {
  margin-left: 6px;
}

.c3 {
  padding-top: 8px;
  margin-bottom: 12px;
}

.c3 .c9 {
  padding-top: 1px;
}

.c3 .c13 {
  height: 16px;
}

.c3 svg {
  background-color: #FFFFFF;
  border: 1px solid #668491;
}

.c3 .c11,
.c3 svg {
  height: 16px;
  position: absolute;
  padding: 1px;
}

.c3 .c9,
.c3 .c11,
.c3 .c13,
.c3 svg {
  box-sizing: border-box;
  min-width: 16px;
  width: 16px;
}

.c3 .c11:not([disabled]):focus + .c13,
.c3 .c11:not([disabled]):hover + .c13 {
  box-shadow: 0 0 0 3px #FFB500;
}

.c3 .c28 {
  padding-left: 6px;
  width: auto;
  -webkit-flex: 1 1 calc(100% - 28px);
  -ms-flex: 1 1 calc(100% - 28px);
  flex: 1 1 calc(100% - 28px);
}

.c3 .c25 {
  margin-left: 16px;
  margin-top: 0;
  padding-left: 6px;
}

.c3 .c27 {
  position: relative;
  display: inline-block;
}

.c3 .c11:checked ~ .c13 svg path {
  fill: rgba(0,0,0,0.90);
}

.c3 .c25 {
  margin-left: 32px;
  padding-left: 0;
}

.c3 .c9 {
  margin-right: 16px;
}

.c3 .c13 {
  padding: 0;
}

.c3 .c13,
.c3 svg {
  border-radius: 50%;
}

.c3 .c9,
.c3 .c11,
.c3 .c13,
.c3 svg {
  height: 16px;
  width: 16px;
}

.c3 svg {
  padding: 1px;
}

.c3 circle {
  r: 5;
}

.c3 .c28 {
  -webkit-flex: 1 1 calc(100% - 44px);
  -ms-flex: 1 1 calc(100% - 44px);
  flex: 1 1 calc(100% - 44px);
  padding-left: 0;
}

.c3 .c11:checked + .c13 circle {
  fill: rgba(0,0,0,0.9);
}

.c1 {
  border: none;
  margin: 0;
  padding: 0;
}

.c1.c1.c1 .c5 {
  margin-top: 0;
  margin-bottom: -1px;
}

.c1 .c2 {
  padding-top: 8px;
  padding-bottom: 8px;
}

.c0 .c29 {
  margin-bottom: 16px;
  height: 26px;
}

.c0 .c29 legend {
  font-size: 14px;
  margin-left: -2px;
}

<fieldset
  aria-labelledby="undefined-label"
  className="c0 c1"
  data-component="radiogroup"
  role="radiogroup"
>
  <div
    checked={false}
    className="c2 c3"
    data-component="radio-button"
  >
    <div
      checked={false}
      className="c4"
    >
      <div
        className="c5 c6"
      >
        <div
          className="c7 c8"
        >
          <div
            className="c9 c10"
          >
            <input
              aria-checked={false}
              aria-describedby="guid-12345-help"
              aria-labelledby="guid-12345-label"
              checked={false}
              className="c11 c12"
              id="guid-12345"
              onBlur={[Function]}
              onChange={[Function]}
              role="radio"
              type="radio"
              value="test"
            />
            <div
              className="c13 "
            >
              <svg
                focusable="false"
                viewBox="0 0 15 15"
              >
                <g
                  fill="none"
                  fillRule="evenodd"
                  stroke="none"
                  strokeWidth="1"
                >
                  <circle
                    className="radio-button-check"
                    cx="7.5"
                    cy="7.5"
                    fill="#FFFFFF"
                    r="5"
                  />
                </g>
              </svg>
            </div>
          </div>
        </div>
      </div>
    </div>
  </div>
</fieldset>
`;
