// Jest Snapshot v1, https://goo.gl/fbAQLP

exports[`Form When child is an html element it renders the child 1`] = `
.c6 {
  -webkit-align-items: center;
  -webkit-box-align: center;
  -ms-flex-align: center;
  align-items: center;
  cursor: pointer;
  display: -webkit-inline-box;
  display: -webkit-inline-flex;
  display: -ms-inline-flexbox;
  display: inline-flex;
  -webkit-flex-direction: column;
  -ms-flex-direction: column;
  flex-direction: column;
  -webkit-flex-flow: wrap;
  -ms-flex-flow: wrap;
  flex-flow: wrap;
  -webkit-box-pack: center;
  -webkit-justify-content: center;
  -ms-flex-pack: center;
  justify-content: center;
  vertical-align: middle;
  border: 2px solid transparent;
  box-sizing: border-box;
  font-weight: 600;
  padding-top: 1px;
  padding-bottom: 1px;
  -webkit-text-decoration: none;
  text-decoration: none;
  margin-right: 16px;
  background: transparent;
  border-color: #26A826;
  color: #26A826;
  font-size: 14px;
  height: 40px;
  padding-left: 24px;
  padding-right: 24px;
}

.c6:focus {
  outline: solid 3px #FFB500;
}

.c6:hover {
  background: #006300;
  border-color: #006300;
  color: #FFFFFF;
}

.c6:hover .c20 {
  color: #FFFFFF;
}

.c6 .c20 {
  margin-left: 0px;
  margin-right: 8px;
  height: 16px;
}

.c6 .c20 svg {
  margin-top: 0;
}

.c9 {
  -webkit-align-items: center;
  -webkit-box-align: center;
  -ms-flex-align: center;
  align-items: center;
  cursor: pointer;
  display: -webkit-inline-box;
  display: -webkit-inline-flex;
  display: -ms-inline-flexbox;
  display: inline-flex;
  -webkit-flex-direction: column;
  -ms-flex-direction: column;
  flex-direction: column;
  -webkit-flex-flow: wrap;
  -ms-flex-flow: wrap;
  flex-flow: wrap;
  -webkit-box-pack: center;
  -webkit-justify-content: center;
  -ms-flex-pack: center;
  justify-content: center;
  vertical-align: middle;
  border: 2px solid transparent;
  box-sizing: border-box;
  font-weight: 600;
  padding-top: 1px;
  padding-bottom: 1px;
  -webkit-text-decoration: none;
  text-decoration: none;
  margin-right: 16px;
  background: #26A826;
  border-color: transparent;
  color: #FFFFFF;
  font-size: 14px;
  height: 40px;
  padding-left: 24px;
  padding-right: 24px;
}

.c9:focus {
  outline: solid 3px #FFB500;
}

.c9:hover {
  background: #006300;
}

.c9 .c20 {
  margin-left: 0px;
  margin-right: 8px;
  height: 16px;
}

.c9 .c20 svg {
  margin-top: 0;
}

.c8 {
  display: -webkit-inline-box;
  display: -webkit-inline-flex;
  display: -ms-inline-flexbox;
  display: inline-flex;
  -webkit-align-items: center;
  -webkit-box-align: center;
  -ms-flex-align: center;
  align-items: center;
  font-size: 13px;
  font-weight: 700;
  margin: -8px;
  white-space: nowrap;
  padding: 8px;
}

.c10.c10 .c5 {
  margin-left: 0px;
}

.c10.c10 .c5:first-child {
  margin-left: 0;
}

.c11.c11 .c5 {
  margin-left: 0px;
}

.c11.c11 .c5:first-child {
  margin-left: 0;
}

.c12.c12 .c5 {
  margin-left: 0px;
}

.c12.c12 .c5:first-child {
  margin-left: 0;
}

.c13.c13 .c5 {
  margin-left: 0px;
}

.c13.c13 .c5:first-child {
  margin-left: 0;
}

.c4 {
  margin: 20px auto 0 auto;
  max-width: inherit;
  min-width: inherit;
  padding: 0;
  -webkit-align-items: center;
  -webkit-box-align: center;
  -ms-flex-align: center;
  align-items: center;
  display: -webkit-box;
  display: -webkit-flex;
  display: -ms-flexbox;
  display: flex;
}

.c4 div:first-of-type .c5 {
  margin-left: 0;
}

.c4.c4 .c7 .c5 {
  margin-left: 16px;
}

.c4 .c21:first-of-type {
  margin-left: 0;
}

.c14 div:first-of-type .c5 {
  margin-left: 0;
}

.c14.c14 .c7 .c5 {
  margin-left: 16px;
}

.c15 div:first-of-type .c5 {
  margin-left: 0;
}

.c15.c15 .c7 .c5 {
  margin-left: 15px;
}

.c2 {
  margin-top: 48px;
}

.c2 .c3 {
  -webkit-box-pack: end;
  -webkit-justify-content: flex-end;
  -ms-flex-pack: end;
  justify-content: flex-end;
}

.c16 .c5 {
  -webkit-align-items: center;
  -webkit-box-align: center;
  -ms-flex-align: center;
  align-items: center;
  display: -webkit-box;
  display: -webkit-flex;
  display: -ms-flexbox;
  display: flex;
  margin-left: 15px;
}

.c0 .c5 {
  -webkit-align-items: center;
  -webkit-box-align: center;
  -ms-flex-align: center;
  align-items: center;
  display: -webkit-box;
  display: -webkit-flex;
  display: -ms-flexbox;
  display: flex;
  margin-left: 16px;
}

.c0.c0 .c19 {
  margin-bottom: 32px;
}

.c0 [data-component='icon'].common-input__icon {
  height: 19px;
}

.c17 .c5 {
  -webkit-align-items: center;
  -webkit-box-align: center;
  -ms-flex-align: center;
  align-items: center;
  display: -webkit-box;
  display: -webkit-flex;
  display: -ms-flexbox;
  display: flex;
  margin-left: 15px;
}

.c18 .c5 {
  -webkit-align-items: center;
  -webkit-box-align: center;
  -ms-flex-align: center;
  align-items: center;
  display: -webkit-box;
  display: -webkit-flex;
  display: -ms-flexbox;
  display: flex;
  margin-left: 15px;
}

.c18 .c1 {
  -webkit-animation: lhSDYf 0.25s ease-out;
  animation: lhSDYf 0.25s ease-out;
  background-color: #FFFFFF;
  bottom: 0;
  box-shadow: 0 -4px 12px 0 rgba(0,0,0,0.05);
  box-sizing: content-box;
  left: 0;
  padding-bottom: 13px;
  padding-top: 15px;
  position: fixed;
  width: 100%;
  z-index: 1000;
}

.c18 .c1 .c3 {
  -webkit-align-items: center;
  -webkit-box-align: center;
  -ms-flex-align: center;
  align-items: center;
  display: -webkit-box;
  display: -webkit-flex;
  display: -ms-flexbox;
  display: flex;
  margin-top: 0;
  border-left-style: solid;
  border-left-color: #FFFFFF;
  border-right-style: solid;
  border-right-color: #FFFFFF;
  border-width: 0;
  box-sizing: border-box;
  min-width: 450px;
  padding: 0 40px;
}

<form
  className="c0"
  data-component="form"
  onSubmit={[Function]}
>
  <input
    name="csrf-token"
    readOnly={true}
    type="hidden"
    value="csrf-token"
  />
  <div>
    Foo
  </div>
  <div
    className="c1 c2"
    data-element="sticky-footer"
  >
    <div
      className="c3 c4"
    >
      <div
        data-component="cancel"
        data-element="cancel"
      >
        <button
          className="c5 c6"
          data-component="button"
          data-element="cancel"
          disabled={false}
          onClick={[Function]}
          role="button"
          size="medium"
          type="button"
        >
          <span>
            <span
              data-element="main-text"
            >
              Cancel
            </span>
          </span>
        </button>
      </div>
      <div
        className="c7 c8"
        data-component="form-summary"
      >
        <div
          data-component="save"
          data-element="save"
        >
          <button
            className="c5 c9"
            data-component="button"
            data-element="save"
            disabled={false}
            role="button"
            size="medium"
            type="submit"
          >
            <span>
              <span
                data-element="main-text"
              >
                Save
              </span>
            </span>
          </button>
        </div>
      </div>
    </div>
  </div>
</form>
`;

exports[`Form render Save Button when the show summary is true and the wrapper has additional actions applies the expected margin-left to the save button 1`] = `
.c1 {
  margin: 20px auto 0 auto;
  max-width: inherit;
  min-width: inherit;
  padding: 0;
  -webkit-align-items: center;
  -webkit-box-align: center;
  -ms-flex-align: center;
  align-items: center;
  display: -webkit-box;
  display: -webkit-flex;
  display: -ms-flexbox;
  display: flex;
}

.c1 div:first-of-type .c4 {
  margin-left: 0;
}

.c1.c1 .c5 .c4 {
  margin-left: 15px;
}

.c1 .c6:first-of-type {
  margin-left: 0;
}

.c2 .c0 {
  -webkit-box-pack: end;
  -webkit-justify-content: flex-end;
  -ms-flex-pack: end;
  justify-content: flex-end;
}

.c3 .c7 .c0 {
  -webkit-align-items: center;
  -webkit-box-align: center;
  -ms-flex-align: center;
  align-items: center;
  display: -webkit-box;
  display: -webkit-flex;
  display: -ms-flexbox;
  display: flex;
  margin-top: 0;
  border-left-style: solid;
  border-left-color: #FFFFFF;
  border-right-style: solid;
  border-right-color: #FFFFFF;
  border-width: 0;
  box-sizing: border-box;
  min-width: 450px;
  padding: 0 40px;
}

<div
  className="c0 c1"
/>
`;
